{
    "mixed samplesheet - one pair aligned with LAST, one with a MAF input - yeast_small": {
        "content": [
            {
                "CHECK_ALIGNMENT": {
                    "gawk": "5.3.1"
                },
                "LAST_LASTAL": {
                    "last": 1652
                },
                "LAST_LASTDB": {
                    "last": 1652
                },
                "LAST_MAFCONVERT": {
                    "last": 1652
                },
                "UCSC_AXTCHAIN": {
                    "ucsc": 482
                },
                "UCSC_AXTSORT": {
                    "ucsc": 482
                },
                "UCSC_CHAINMERGESORT": {
                    "ucsc": 482
                },
                "UCSC_CHAINNET": {
                    "ucsc": 482
                },
                "UCSC_CHAINPRENET": {
                    "ucsc": 482
                },
                "UCSC_CHAINSTITCHID": {
                    "ucsc": 482
                },
                "UCSC_FATOTWOBIT": {
                    "ucsc": 482
                },
                "UCSC_NETCHAINSUBSET": {
                    "ucsc": 482
                },
                "UCSC_NETSYNTENIC": {
                    "ucsc": 482
                },
                "UCSC_NETTOAXT": {
                    "ucsc": 482
                },
                "UCSC_TWOBITINFO": {
                    "ucsc": 482
                },
                "Workflow": {
                    "da-bar/wgpa": "v2.0.0dev"
                }
            },
            [
                "genomes",
                "genomes/scer_small.2bit",
                "genomes/scer_small.sizes",
                "genomes/seub_small.2bit",
                "genomes/seub_small.sizes",
                "pipeline_info",
                "pipeline_info/wgpa_software_versions.yml",
                "scer_seub_maf",
                "scer_seub_maf/alignment",
                "scer_seub_maf/alignment/scer_small_seub_small.psl.gz",
                "scer_seub_maf/axt",
                "scer_seub_maf/axt/scer_small_seub_small.net.axt.gz",
                "scer_seub_maf/chains",
                "scer_seub_maf/chains/scer_small_seub_small.all.chain.gz",
                "scer_seub_maf/chains/scer_small_seub_small.all.pre.chain.gz",
                "scer_seub_maf/chains/scer_small_seub_small.chain.gz",
                "scer_seub_maf/liftover",
                "scer_seub_maf/liftover/scer_smallToSeub_small.over.chain.gz",
                "scer_seub_maf/nets",
                "scer_seub_maf/nets/scer_small_seub_small.noClass.net.gz",
                "scer_seub_maf/nets/scer_small_seub_small.query.net.gz",
                "scer_seub_maf/nets/scer_small_seub_small.target.net.gz",
                "seub_scer_lastal",
                "seub_scer_lastal/alignment",
                "seub_scer_lastal/alignment/seub_small_scer_small.maf.gz",
                "seub_scer_lastal/alignment/seub_small_scer_small.psl.gz",
                "seub_scer_lastal/alignment/seub_small_scer_small.tsv",
                "seub_scer_lastal/axt",
                "seub_scer_lastal/axt/seub_small_scer_small.net.axt.gz",
                "seub_scer_lastal/chains",
                "seub_scer_lastal/chains/seub_small_scer_small.all.chain.gz",
                "seub_scer_lastal/chains/seub_small_scer_small.all.pre.chain.gz",
                "seub_scer_lastal/chains/seub_small_scer_small.chain.gz",
                "seub_scer_lastal/liftover",
                "seub_scer_lastal/liftover/seub_smallToScer_small.over.chain.gz",
                "seub_scer_lastal/nets",
                "seub_scer_lastal/nets/seub_small_scer_small.noClass.net.gz",
                "seub_scer_lastal/nets/seub_small_scer_small.query.net.gz",
                "seub_scer_lastal/nets/seub_small_scer_small.target.net.gz"
            ],
            [
                "scer_small.2bit:md5,5ba8d3df48e1825947760f9f7119e69d",
                "scer_small.sizes:md5,90acd33e72cd4ce059a3b7f04cc75b58",
                "seub_small.2bit:md5,07aad47629b630c27a5fef09f221931e",
                "seub_small.sizes:md5,1b182cfd4b3986e0a5ca2d2aa00a05d4",
                "scer_small_seub_small.psl.gz:md5,6cd0579523b4941880fa24fff7b9425f",
                "seub_small_scer_small.maf.gz:md5,6046c9c8dc53e9f0df398ac0e7c92320",
                "seub_small_scer_small.psl.gz:md5,eeeb85045d6ddfa26e69e9a47d735cc0",
                "seub_small_scer_small.tsv:md5,4319a91cabdb4cdafae28b7e36e96880"
            ]
        ],
        "timestamp": "2026-09-25T13:21:24.323513",
        "meta": {
            "nf-test": "0.9.5",
            "nextflow": "26.04.6"
        }
    },
    "alignment input - MAF - yeast_small": {
        "content": [
            {
                "CHECK_ALIGNMENT": {
                    "gawk": "5.3.1"
                },
                "LAST_MAFCONVERT": {
                    "last": 1652
                },
                "UCSC_AXTCHAIN": {
                    "ucsc": 482
                },
                "UCSC_AXTSORT": {
                    "ucsc": 482
                },
                "UCSC_CHAINMERGESORT": {
                    "ucsc": 482
                },
                "UCSC_CHAINNET": {
                    "ucsc": 482
                },
                "UCSC_CHAINPRENET": {
                    "ucsc": 482
                },
                "UCSC_CHAINSTITCHID": {
                    "ucsc": 482
                },
                "UCSC_FATOTWOBIT": {
                    "ucsc": 482
                },
                "UCSC_NETCHAINSUBSET": {
                    "ucsc": 482
                },
                "UCSC_NETSYNTENIC": {
                    "ucsc": 482
                },
                "UCSC_NETTOAXT": {
                    "ucsc": 482
                },
                "UCSC_TWOBITINFO": {
                    "ucsc": 482
                },
                "Workflow": {
                    "da-bar/wgpa": "v2.0.0dev"
                }
            },
            [
                "genomes",
                "genomes/scer_small.2bit",
                "genomes/scer_small.sizes",
                "genomes/seub_small.2bit",
                "genomes/seub_small.sizes",
                "pipeline_info",
                "pipeline_info/wgpa_software_versions.yml",
                "scer_seub_maf",
                "scer_seub_maf/alignment",
                "scer_seub_maf/alignment/scer_small_seub_small.psl.gz",
                "scer_seub_maf/axt",
                "scer_seub_maf/axt/scer_small_seub_small.net.axt.gz",
                "scer_seub_maf/chains",
                "scer_seub_maf/chains/scer_small_seub_small.all.chain.gz",
                "scer_seub_maf/chains/scer_small_seub_small.all.pre.chain.gz",
                "scer_seub_maf/chains/scer_small_seub_small.chain.gz",
                "scer_seub_maf/liftover",
                "scer_seub_maf/liftover/scer_smallToSeub_small.over.chain.gz",
                "scer_seub_maf/nets",
                "scer_seub_maf/nets/scer_small_seub_small.noClass.net.gz",
                "scer_seub_maf/nets/scer_small_seub_small.query.net.gz",
                "scer_seub_maf/nets/scer_small_seub_small.target.net.gz"
            ],
            [
                "scer_small.2bit:md5,5ba8d3df48e1825947760f9f7119e69d",
                "scer_small.sizes:md5,90acd33e72cd4ce059a3b7f04cc75b58",
                "seub_small.2bit:md5,07aad47629b630c27a5fef09f221931e",
                "seub_small.sizes:md5,1b182cfd4b3986e0a5ca2d2aa00a05d4",
                "scer_small_seub_small.psl.gz:md5,6cd0579523b4941880fa24fff7b9425f"
            ]
        ],
        "timestamp": "2026-09-25T13:21:08.585631",
        "meta": {
            "nf-test": "0.9.5",
            "nextflow": "26.04.6"
        }
    },
    "alignment input - PSL - yeast_small": {
        "content": [
            {
                "CHECK_ALIGNMENT": {
                    "gawk": "5.3.1"
                },
                "UCSC_AXTCHAIN": {
                    "ucsc": 482
                },
                "UCSC_AXTSORT": {
                    "ucsc": 482
                },
                "UCSC_CHAINMERGESORT": {
                    "ucsc": 482
                },
                "UCSC_CHAINNET": {
                    "ucsc": 482
                },
                "UCSC_CHAINPRENET": {
                    "ucsc": 482
                },
                "UCSC_CHAINSTITCHID": {
                    "ucsc": 482
                },
                "UCSC_FATOTWOBIT": {
                    "ucsc": 482
                },
                "UCSC_NETCHAINSUBSET": {
                    "ucsc": 482
                },
                "UCSC_NETSYNTENIC": {
                    "ucsc": 482
                },
                "UCSC_NETTOAXT": {
                    "ucsc": 482
                },
                "UCSC_TWOBITINFO": {
                    "ucsc": 482
                },
                "Workflow": {
                    "da-bar/wgpa": "v2.0.0dev"
                }
            },
            [
                "genomes",
                "genomes/scer_small.2bit",
                "genomes/scer_small.sizes",
                "genomes/seub_small.2bit",
                "genomes/seub_small.sizes",
                "pipeline_info",
                "pipeline_info/wgpa_software_versions.yml",
                "scer_seub_psl",
                "scer_seub_psl/axt",
                "scer_seub_psl/axt/scer_small_seub_small.net.axt.gz",
                "scer_seub_psl/chains",
                "scer_seub_psl/chains/scer_small_seub_small.all.chain.gz",
                "scer_seub_psl/chains/scer_small_seub_small.all.pre.chain.gz",
                "scer_seub_psl/chains/scer_small_seub_small.chain.gz",
                "scer_seub_psl/liftover",
                "scer_seub_psl/liftover/scer_smallToSeub_small.over.chain.gz",
                "scer_seub_psl/nets",
                "scer_seub_psl/nets/scer_small_seub_small.noClass.net.gz",
                "scer_seub_psl/nets/scer_small_seub_small.query.net.gz",
                "scer_seub_psl/nets/scer_small_seub_small.target.net.gz"
            ],
            [
                "scer_small.2bit:md5,5ba8d3df48e1825947760f9f7119e69d",
                "scer_small.sizes:md5,90acd33e72cd4ce059a3b7f04cc75b58",
                "seub_small.2bit:md5,07aad47629b630c27a5fef09f221931e",
                "seub_small.sizes:md5,1b182cfd4b3986e0a5ca2d2aa00a05d4"
            ]
        ],
        "timestamp": "2026-09-25T13:21:12.295922",
        "meta": {
            "nf-test": "0.9.5",
            "nextflow": "26.04.6"
        }
    }
}