{
    "mixed samplesheet - one pair aligned with LAST, one with a MAF input - yeast_small": {
        "content": [
            {
                "CHECK_ALIGNMENT": {
                    "gawk": "5.3.1"
                },
                "LAST_LASTAL": {
                    "last": 1652
                },
                "LAST_LASTDB": {
                    "last": 1652
                },
                "LAST_MAFCONVERT": {
                    "last": 1652
                },
                "UCSC_AXTCHAIN": {
                    "ucsc": 482
                },
                "UCSC_AXTSORT": {
                    "ucsc": 482
                },
                "UCSC_CHAINMERGESORT": {
                    "ucsc": 482
                },
                "UCSC_CHAINNET": {
                    "ucsc": 482
                },
                "UCSC_CHAINPRENET": {
                    "ucsc": 482
                },
                "UCSC_CHAINSTITCHID": {
                    "ucsc": 482
                },
                "UCSC_FATOTWOBIT": {
                    "ucsc": 482
                },
                "UCSC_NETCHAINSUBSET": {
                    "ucsc": 482
                },
                "UCSC_NETSYNTENIC": {
                    "ucsc": 482
                },
                "UCSC_NETTOAXT": {
                    "ucsc": 482
                },
                "UCSC_TWOBITINFO": {
                    "ucsc": 482
                },
                "Workflow": {
                    "da-bar/wgpa": "v2.0.0dev"
                }
            },
            [
                "genomes",
                "genomes/scer_small.2bit",
                "genomes/scer_small.sizes",
                "genomes/seub_small.2bit",
                "genomes/seub_small.sizes",
                "pipeline_info",
                "pipeline_info/wgpa_software_versions.yml",
                "scer_seub_maf",
                "scer_seub_maf/alignment",
                "scer_seub_maf/alignment/scer_small_seub_small.psl.gz",
                "scer_seub_maf/axt",
                "scer_seub_maf/axt/scer_small_seub_small.net.axt.gz",
                "scer_seub_maf/chains",
                "scer_seub_maf/chains/scer_small_seub_small.all.chain.gz",
                "scer_seub_maf/chains/scer_small_seub_small.all.pre.chain.gz",
                "scer_seub_maf/chains/scer_small_seub_small.chain.gz",
                "scer_seub_maf/liftover",
                "scer_seub_maf/liftover/scer_smallToSeub_small.over.chain.gz",
                "scer_seub_maf/nets",
                "scer_seub_maf/nets/scer_small_seub_small.noClass.net.gz",
                "scer_seub_maf/nets/scer_small_seub_small.query.net.gz",
                "scer_seub_maf/nets/scer_small_seub_small.target.net.gz",
                "seub_scer_lastal",
                "seub_scer_lastal/alignment",
                "seub_scer_lastal/alignment/seub_small_scer_small.maf.gz",
                "seub_scer_lastal/alignment/seub_small_scer_small.psl.gz",
                "seub_scer_lastal/alignment/seub_small_scer_small.tsv",
                "seub_scer_lastal/axt",
                "seub_scer_lastal/axt/seub_small_scer_small.net.axt.gz",
                "seub_scer_lastal/chains",
                "seub_scer_lastal/chains/seub_small_scer_small.all.chain.gz",
                "seub_scer_lastal/chains/seub_small_scer_small.all.pre.chain.gz",
                "seub_scer_lastal/chains/seub_small_scer_small.chain.gz",
                "seub_scer_lastal/liftover",
                "seub_scer_lastal/liftover/seub_smallToScer_small.over.chain.gz",
                "seub_scer_lastal/nets",
                "seub_scer_lastal/nets/seub_small_scer_small.noClass.net.gz",
                "seub_scer_lastal/nets/seub_small_scer_small.query.net.gz",
                "seub_scer_lastal/nets/seub_small_scer_small.target.net.gz"
            ],
            [
                "scer_small.2bit:md5,5ba8d3df48e1825947760f9f7119e69d",
                "scer_small.sizes:md5,90acd33e72cd4ce059a3b7f04cc75b58",
                "seub_small.2bit:md5,07aad47629b630c27a5fef09f221931e",
                "seub_small.sizes:md5,1b182cfd4b3986e0a5ca2d2aa00a05d4",
                "scer_small_seub_small.psl.gz:md5,6cd0579523b4941880fa24fff7b9425f",
                "scer_small_seub_small.net.axt.gz:md5,aceff596f42c905451305726d1bac8ef",
                "scer_small_seub_small.all.chain.gz:md5,73cced58a51f7998e6eec7c025c28c89",
                "scer_small_seub_small.all.pre.chain.gz:md5,ad161a5b7d4b34453b1ee0f9e9ae43fa",
                "scer_small_seub_small.chain.gz:md5,73cced58a51f7998e6eec7c025c28c89",
                "scer_smallToSeub_small.over.chain.gz:md5,0f64eabd1bb9c65ddceca4ec27effdf3",
                "scer_small_seub_small.noClass.net.gz:md5,18b7f9969a71b23cf37bc12e2a690d05",
                "scer_small_seub_small.query.net.gz:md5,4e6ac01a4af2ed4b2953bc9a15926a64",
                "scer_small_seub_small.target.net.gz:md5,7be3e918f0cedb30857dafd788fff212",
                "seub_small_scer_small.maf.gz:md5,6046c9c8dc53e9f0df398ac0e7c92320",
                "seub_small_scer_small.psl.gz:md5,eeeb85045d6ddfa26e69e9a47d735cc0",
                "seub_small_scer_small.tsv:md5,4319a91cabdb4cdafae28b7e36e96880",
                "seub_small_scer_small.net.axt.gz:md5,a98208c6fede98a2cdd7e04fe0c1a341",
                "seub_small_scer_small.all.chain.gz:md5,bcc6063f10d6fab1cd7dae922b570ef4",
                "seub_small_scer_small.all.pre.chain.gz:md5,8ee5250424596801d9c4bfaebc53731e",
                "seub_small_scer_small.chain.gz:md5,bcc6063f10d6fab1cd7dae922b570ef4",
                "seub_smallToScer_small.over.chain.gz:md5,c18e3f12845eebce4214a66b7968bd4c",
                "seub_small_scer_small.noClass.net.gz:md5,eb1ef06cbc2eeb114b28f393dcbdb617",
                "seub_small_scer_small.query.net.gz:md5,a15cbe020d841f7ccd81a812f8b5e8e3",
                "seub_small_scer_small.target.net.gz:md5,e4f8a25faf68dba237a33b5bdeb0e9b5"
            ]
        ],
        "timestamp": "2026-09-25T12:31:10.360932",
        "meta": {
            "nf-test": "0.9.5",
            "nextflow": "26.04.6"
        }
    },
    "alignment input - MAF - yeast_small": {
        "content": [
            {
                "CHECK_ALIGNMENT": {
                    "gawk": "5.3.1"
                },
                "LAST_MAFCONVERT": {
                    "last": 1652
                },
                "UCSC_AXTCHAIN": {
                    "ucsc": 482
                },
                "UCSC_AXTSORT": {
                    "ucsc": 482
                },
                "UCSC_CHAINMERGESORT": {
                    "ucsc": 482
                },
                "UCSC_CHAINNET": {
                    "ucsc": 482
                },
                "UCSC_CHAINPRENET": {
                    "ucsc": 482
                },
                "UCSC_CHAINSTITCHID": {
                    "ucsc": 482
                },
                "UCSC_FATOTWOBIT": {
                    "ucsc": 482
                },
                "UCSC_NETCHAINSUBSET": {
                    "ucsc": 482
                },
                "UCSC_NETSYNTENIC": {
                    "ucsc": 482
                },
                "UCSC_NETTOAXT": {
                    "ucsc": 482
                },
                "UCSC_TWOBITINFO": {
                    "ucsc": 482
                },
                "Workflow": {
                    "da-bar/wgpa": "v2.0.0dev"
                }
            },
            [
                "genomes",
                "genomes/scer_small.2bit",
                "genomes/scer_small.sizes",
                "genomes/seub_small.2bit",
                "genomes/seub_small.sizes",
                "pipeline_info",
                "pipeline_info/wgpa_software_versions.yml",
                "scer_seub_maf",
                "scer_seub_maf/alignment",
                "scer_seub_maf/alignment/scer_small_seub_small.psl.gz",
                "scer_seub_maf/axt",
                "scer_seub_maf/axt/scer_small_seub_small.net.axt.gz",
                "scer_seub_maf/chains",
                "scer_seub_maf/chains/scer_small_seub_small.all.chain.gz",
                "scer_seub_maf/chains/scer_small_seub_small.all.pre.chain.gz",
                "scer_seub_maf/chains/scer_small_seub_small.chain.gz",
                "scer_seub_maf/liftover",
                "scer_seub_maf/liftover/scer_smallToSeub_small.over.chain.gz",
                "scer_seub_maf/nets",
                "scer_seub_maf/nets/scer_small_seub_small.noClass.net.gz",
                "scer_seub_maf/nets/scer_small_seub_small.query.net.gz",
                "scer_seub_maf/nets/scer_small_seub_small.target.net.gz"
            ],
            [
                "scer_small.2bit:md5,5ba8d3df48e1825947760f9f7119e69d",
                "scer_small.sizes:md5,90acd33e72cd4ce059a3b7f04cc75b58",
                "seub_small.2bit:md5,07aad47629b630c27a5fef09f221931e",
                "seub_small.sizes:md5,1b182cfd4b3986e0a5ca2d2aa00a05d4",
                "scer_small_seub_small.psl.gz:md5,6cd0579523b4941880fa24fff7b9425f",
                "scer_small_seub_small.net.axt.gz:md5,aceff596f42c905451305726d1bac8ef",
                "scer_small_seub_small.all.chain.gz:md5,73cced58a51f7998e6eec7c025c28c89",
                "scer_small_seub_small.all.pre.chain.gz:md5,ad161a5b7d4b34453b1ee0f9e9ae43fa",
                "scer_small_seub_small.chain.gz:md5,73cced58a51f7998e6eec7c025c28c89",
                "scer_smallToSeub_small.over.chain.gz:md5,0f64eabd1bb9c65ddceca4ec27effdf3",
                "scer_small_seub_small.noClass.net.gz:md5,18b7f9969a71b23cf37bc12e2a690d05",
                "scer_small_seub_small.query.net.gz:md5,4e6ac01a4af2ed4b2953bc9a15926a64",
                "scer_small_seub_small.target.net.gz:md5,7be3e918f0cedb30857dafd788fff212"
            ]
        ],
        "timestamp": "2026-09-25T12:30:54.040367",
        "meta": {
            "nf-test": "0.9.5",
            "nextflow": "26.04.6"
        }
    },
    "alignment input - PSL - yeast_small": {
        "content": [
            {
                "CHECK_ALIGNMENT": {
                    "gawk": "5.3.1"
                },
                "UCSC_AXTCHAIN": {
                    "ucsc": 482
                },
                "UCSC_AXTSORT": {
                    "ucsc": 482
                },
                "UCSC_CHAINMERGESORT": {
                    "ucsc": 482
                },
                "UCSC_CHAINNET": {
                    "ucsc": 482
                },
                "UCSC_CHAINPRENET": {
                    "ucsc": 482
                },
                "UCSC_CHAINSTITCHID": {
                    "ucsc": 482
                },
                "UCSC_FATOTWOBIT": {
                    "ucsc": 482
                },
                "UCSC_NETCHAINSUBSET": {
                    "ucsc": 482
                },
                "UCSC_NETSYNTENIC": {
                    "ucsc": 482
                },
                "UCSC_NETTOAXT": {
                    "ucsc": 482
                },
                "UCSC_TWOBITINFO": {
                    "ucsc": 482
                },
                "Workflow": {
                    "da-bar/wgpa": "v2.0.0dev"
                }
            },
            [
                "genomes",
                "genomes/scer_small.2bit",
                "genomes/scer_small.sizes",
                "genomes/seub_small.2bit",
                "genomes/seub_small.sizes",
                "pipeline_info",
                "pipeline_info/wgpa_software_versions.yml",
                "scer_seub_psl",
                "scer_seub_psl/axt",
                "scer_seub_psl/axt/scer_small_seub_small.net.axt.gz",
                "scer_seub_psl/chains",
                "scer_seub_psl/chains/scer_small_seub_small.all.chain.gz",
                "scer_seub_psl/chains/scer_small_seub_small.all.pre.chain.gz",
                "scer_seub_psl/chains/scer_small_seub_small.chain.gz",
                "scer_seub_psl/liftover",
                "scer_seub_psl/liftover/scer_smallToSeub_small.over.chain.gz",
                "scer_seub_psl/nets",
                "scer_seub_psl/nets/scer_small_seub_small.noClass.net.gz",
                "scer_seub_psl/nets/scer_small_seub_small.query.net.gz",
                "scer_seub_psl/nets/scer_small_seub_small.target.net.gz"
            ],
            [
                "scer_small.2bit:md5,5ba8d3df48e1825947760f9f7119e69d",
                "scer_small.sizes:md5,90acd33e72cd4ce059a3b7f04cc75b58",
                "seub_small.2bit:md5,07aad47629b630c27a5fef09f221931e",
                "seub_small.sizes:md5,1b182cfd4b3986e0a5ca2d2aa00a05d4",
                "scer_small_seub_small.net.axt.gz:md5,aceff596f42c905451305726d1bac8ef",
                "scer_small_seub_small.all.chain.gz:md5,73cced58a51f7998e6eec7c025c28c89",
                "scer_small_seub_small.all.pre.chain.gz:md5,ad161a5b7d4b34453b1ee0f9e9ae43fa",
                "scer_small_seub_small.chain.gz:md5,73cced58a51f7998e6eec7c025c28c89",
                "scer_smallToSeub_small.over.chain.gz:md5,0f64eabd1bb9c65ddceca4ec27effdf3",
                "scer_small_seub_small.noClass.net.gz:md5,18b7f9969a71b23cf37bc12e2a690d05",
                "scer_small_seub_small.query.net.gz:md5,4e6ac01a4af2ed4b2953bc9a15926a64",
                "scer_small_seub_small.target.net.gz:md5,7be3e918f0cedb30857dafd788fff212"
            ]
        ],
        "timestamp": "2026-09-25T12:30:57.795946",
        "meta": {
            "nf-test": "0.9.5",
            "nextflow": "26.04.6"
        }
    }
}