{
    "yeast_small - chain - stub": {
        "content": [
            {
                "0": [
                    [
                        {
                            "id": "small"
                        },
                        "small.chain.gz:md5,d41d8cd98f00b204e9800998ecf8427e"
                    ]
                ],
                "1": [
                    [
                        "UCSC_CHAINMERGESORT",
                        "ucsc",
                        "482"
                    ]
                ],
                "chain": [
                    [
                        {
                            "id": "small"
                        },
                        "small.chain.gz:md5,d41d8cd98f00b204e9800998ecf8427e"
                    ]
                ],
                "versions_ucsc": [
                    [
                        "UCSC_CHAINMERGESORT",
                        "ucsc",
                        "482"
                    ]
                ]
            }
        ],
        "timestamp": "2026-09-25T10:27:34.579624",
        "meta": {
            "nf-test": "0.9.5",
            "nextflow": "26.04.6"
        }
    },
    "yeast_small - three chains - input order does not matter": {
        "content": [
            [
                [
                    {
                        "id": "ordered"
                    },
                    "ordered.chain.gz"
                ],
                [
                    {
                        "id": "shuffled"
                    },
                    "shuffled.chain.gz"
                ]
            ],
            {
                "versions_ucsc": [
                    [
                        "UCSC_CHAINMERGESORT",
                        "ucsc",
                        "482"
                    ],
                    [
                        "UCSC_CHAINMERGESORT",
                        "ucsc",
                        "482"
                    ]
                ]
            }
        ],
        "timestamp": "2026-09-25T13:20:14.706567",
        "meta": {
            "nf-test": "0.9.5",
            "nextflow": "26.04.6"
        }
    },
    "yeast_small - chain.gz": {
        "content": [
            [
                [
                    {
                        "id": "small_all"
                    },
                    "small_all.chain.gz"
                ]
            ],
            {
                "versions_ucsc": [
                    [
                        "UCSC_CHAINMERGESORT",
                        "ucsc",
                        "482"
                    ]
                ]
            }
        ],
        "timestamp": "2026-09-25T13:20:12.09311",
        "meta": {
            "nf-test": "0.9.5",
            "nextflow": "26.04.6"
        }
    },
    "yeast_small - chain": {
        "content": [
            [
                [
                    {
                        "id": "small"
                    },
                    "small.chain.gz"
                ]
            ],
            {
                "versions_ucsc": [
                    [
                        "UCSC_CHAINMERGESORT",
                        "ucsc",
                        "482"
                    ]
                ]
            }
        ],
        "timestamp": "2026-09-25T13:20:09.514797",
        "meta": {
            "nf-test": "0.9.5",
            "nextflow": "26.04.6"
        }
    }
}