{
    "yeast_small - target.net": {
        "content": [
            [
                [
                    {
                        "id": "test"
                    },
                    "test.net.gz"
                ]
            ],
            {
                "versions_ucsc": [
                    [
                        "UCSC_NETSYNTENIC",
                        "ucsc",
                        "482"
                    ]
                ]
            }
        ],
        "timestamp": "2026-09-25T13:20:51.460331",
        "meta": {
            "nf-test": "0.9.5",
            "nextflow": "26.04.6"
        }
    },
    "yeast_small - target.net - stub": {
        "content": [
            {
                "0": [
                    [
                        {
                            "id": "test"
                        },
                        "test.net.gz:md5,d41d8cd98f00b204e9800998ecf8427e"
                    ]
                ],
                "1": [
                    [
                        "UCSC_NETSYNTENIC",
                        "ucsc",
                        "482"
                    ]
                ],
                "net": [
                    [
                        {
                            "id": "test"
                        },
                        "test.net.gz:md5,d41d8cd98f00b204e9800998ecf8427e"
                    ]
                ],
                "versions_ucsc": [
                    [
                        "UCSC_NETSYNTENIC",
                        "ucsc",
                        "482"
                    ]
                ]
            }
        ],
        "timestamp": "2026-09-25T10:23:02.151649",
        "meta": {
            "nf-test": "0.9.5",
            "nextflow": "26.04.6"
        }
    }
}