{
    "yeast_small - net, chain - stub": {
        "content": [
            {
                "0": [
                    [
                        {
                            "id": "test"
                        },
                        "test.chain.gz:md5,d41d8cd98f00b204e9800998ecf8427e"
                    ]
                ],
                "1": [
                    [
                        "UCSC_NETCHAINSUBSET",
                        "ucsc",
                        "482"
                    ]
                ],
                "chain": [
                    [
                        {
                            "id": "test"
                        },
                        "test.chain.gz:md5,d41d8cd98f00b204e9800998ecf8427e"
                    ]
                ],
                "versions_ucsc": [
                    [
                        "UCSC_NETCHAINSUBSET",
                        "ucsc",
                        "482"
                    ]
                ]
            }
        ],
        "timestamp": "2026-09-25T10:24:43.396051",
        "meta": {
            "nf-test": "0.9.5",
            "nextflow": "26.04.6"
        }
    },
    "yeast_small - net, chain": {
        "content": [
            {
                "0": [
                    [
                        {
                            "id": "test"
                        },
                        "test.chain.gz:md5,af5397e2a9d6e98414902a615e9bd36e"
                    ]
                ],
                "1": [
                    [
                        "UCSC_NETCHAINSUBSET",
                        "ucsc",
                        "482"
                    ]
                ],
                "chain": [
                    [
                        {
                            "id": "test"
                        },
                        "test.chain.gz:md5,af5397e2a9d6e98414902a615e9bd36e"
                    ]
                ],
                "versions_ucsc": [
                    [
                        "UCSC_NETCHAINSUBSET",
                        "ucsc",
                        "482"
                    ]
                ]
            }
        ],
        "timestamp": "2026-09-25T10:24:40.569648",
        "meta": {
            "nf-test": "0.9.5",
            "nextflow": "26.04.6"
        }
    }
}