{
    "yeast_small - psl.gz - near": {
        "content": [
            [
                [
                    {
                        "id": "small"
                    },
                    "small.chain.gz"
                ]
            ],
            {
                "versions_ucsc": [
                    [
                        "UCSC_AXTCHAIN",
                        "ucsc",
                        "482"
                    ]
                ]
            }
        ],
        "timestamp": "2026-09-25T13:15:29.001735",
        "meta": {
            "nf-test": "0.9.5",
            "nextflow": "26.04.6"
        }
    },
    "yeast_small - psl - near - stub": {
        "content": [
            {
                "0": [
                    [
                        {
                            "id": "small"
                        },
                        "small.chain.gz:md5,d41d8cd98f00b204e9800998ecf8427e"
                    ]
                ],
                "1": [
                    [
                        "UCSC_AXTCHAIN",
                        "ucsc",
                        "482"
                    ]
                ],
                "chain": [
                    [
                        {
                            "id": "small"
                        },
                        "small.chain.gz:md5,d41d8cd98f00b204e9800998ecf8427e"
                    ]
                ],
                "versions_ucsc": [
                    [
                        "UCSC_AXTCHAIN",
                        "ucsc",
                        "482"
                    ]
                ]
            }
        ],
        "timestamp": "2026-09-25T10:24:54.280909",
        "meta": {
            "nf-test": "0.9.5",
            "nextflow": "26.04.6"
        }
    },
    "yeast_small - psl - default score scheme": {
        "content": [
            [
                [
                    {
                        "id": "small"
                    },
                    "small.chain.gz"
                ]
            ],
            {
                "versions_ucsc": [
                    [
                        "UCSC_AXTCHAIN",
                        "ucsc",
                        "482"
                    ]
                ]
            }
        ],
        "timestamp": "2026-09-25T13:15:32.114486",
        "meta": {
            "nf-test": "0.9.5",
            "nextflow": "26.04.6"
        }
    },
    "yeast_small - psl - near": {
        "content": [
            [
                [
                    {
                        "id": "small"
                    },
                    "small.chain.gz"
                ]
            ],
            {
                "versions_ucsc": [
                    [
                        "UCSC_AXTCHAIN",
                        "ucsc",
                        "482"
                    ]
                ]
            }
        ],
        "timestamp": "2026-09-25T13:15:26.333681",
        "meta": {
            "nf-test": "0.9.5",
            "nextflow": "26.04.6"
        }
    }
}