{
    "yeast_small - psl.gz - near": {
        "content": [
            {
                "0": [
                    [
                        {
                            "id": "small"
                        },
                        "small.chain.gz:md5,73cced58a51f7998e6eec7c025c28c89"
                    ]
                ],
                "1": [
                    [
                        "UCSC_AXTCHAIN",
                        "ucsc",
                        "482"
                    ]
                ],
                "chain": [
                    [
                        {
                            "id": "small"
                        },
                        "small.chain.gz:md5,73cced58a51f7998e6eec7c025c28c89"
                    ]
                ],
                "versions_ucsc": [
                    [
                        "UCSC_AXTCHAIN",
                        "ucsc",
                        "482"
                    ]
                ]
            }
        ],
        "timestamp": "2026-09-25T10:24:48.717415",
        "meta": {
            "nf-test": "0.9.5",
            "nextflow": "26.04.6"
        }
    },
    "yeast_small - psl - near - stub": {
        "content": [
            {
                "0": [
                    [
                        {
                            "id": "small"
                        },
                        "small.chain.gz:md5,d41d8cd98f00b204e9800998ecf8427e"
                    ]
                ],
                "1": [
                    [
                        "UCSC_AXTCHAIN",
                        "ucsc",
                        "482"
                    ]
                ],
                "chain": [
                    [
                        {
                            "id": "small"
                        },
                        "small.chain.gz:md5,d41d8cd98f00b204e9800998ecf8427e"
                    ]
                ],
                "versions_ucsc": [
                    [
                        "UCSC_AXTCHAIN",
                        "ucsc",
                        "482"
                    ]
                ]
            }
        ],
        "timestamp": "2026-09-25T10:24:54.280909",
        "meta": {
            "nf-test": "0.9.5",
            "nextflow": "26.04.6"
        }
    },
    "yeast_small - psl - default score scheme": {
        "content": [
            {
                "0": [
                    [
                        {
                            "id": "small"
                        },
                        "small.chain.gz:md5,9af9b6b0a09166160298faa7e6355bd6"
                    ]
                ],
                "1": [
                    [
                        "UCSC_AXTCHAIN",
                        "ucsc",
                        "482"
                    ]
                ],
                "chain": [
                    [
                        {
                            "id": "small"
                        },
                        "small.chain.gz:md5,9af9b6b0a09166160298faa7e6355bd6"
                    ]
                ],
                "versions_ucsc": [
                    [
                        "UCSC_AXTCHAIN",
                        "ucsc",
                        "482"
                    ]
                ]
            }
        ],
        "timestamp": "2026-09-25T10:24:51.502584",
        "meta": {
            "nf-test": "0.9.5",
            "nextflow": "26.04.6"
        }
    },
    "yeast_small - psl - near": {
        "content": [
            {
                "0": [
                    [
                        {
                            "id": "small"
                        },
                        "small.chain.gz:md5,73cced58a51f7998e6eec7c025c28c89"
                    ]
                ],
                "1": [
                    [
                        "UCSC_AXTCHAIN",
                        "ucsc",
                        "482"
                    ]
                ],
                "chain": [
                    [
                        {
                            "id": "small"
                        },
                        "small.chain.gz:md5,73cced58a51f7998e6eec7c025c28c89"
                    ]
                ],
                "versions_ucsc": [
                    [
                        "UCSC_AXTCHAIN",
                        "ucsc",
                        "482"
                    ]
                ]
            }
        ],
        "timestamp": "2026-09-25T10:24:45.870625",
        "meta": {
            "nf-test": "0.9.5",
            "nextflow": "26.04.6"
        }
    }
}